2026-03-20 22:53:37,253 - INFO - Ingesting begin_inventory.csv in db
2026-03-20 22:53:42,017 - INFO - Ingesting end_inventory.csv in db
2026-03-20 22:53:57,604 - INFO - Ingesting purchases.csv in db
2026-03-20 22:55:22,862 - INFO - Ingesting purchase_prices.csv in db
2026-03-20 22:56:10,187 - INFO - Ingesting sales.csv in db
2026-03-20 23:17:27,478 - INFO - Ingesting vendor_invoice.csv in db
2026-03-20 23:17:27,802 - INFO - ------------ Ingestion Complete ------------
2026-03-20 23:17:27,803 - INFO - 
Total Time Taken: 23.85409988562266 minutes
2026-08-05 22:24:53,979 - INFO - Ingesting begin_inventory.csv in db
2026-08-05 22:24:59,191 - INFO - Ingesting end_inventory.csv in db
2026-08-05 22:25:19,461 - INFO - Ingesting purchases.csv in db
2026-08-05 22:27:28,435 - INFO - Ingesting purchase_prices.csv in db
2026-08-05 22:28:28,842 - INFO - Ingesting sales.csv in db
2026-08-05 22:38:39,727 - ERROR - No such comm target registered: jupyter.widget.control
2026-08-05 22:38:39,738 - WARNING - No such comm: 9fceea70-3d9b-4b11-b52c-6e28189ea553
2026-08-05 22:38:39,739 - DEBUG - Current comms: []
2026-08-06 21:42:04,821 - INFO - Ingesting begin_inventory.csv in db
2026-08-06 21:42:06,797 - INFO - Ingesting end_inventory.csv in db
2026-08-06 21:42:13,854 - INFO - Ingesting purchases.csv in db
2026-08-06 21:43:06,405 - INFO - Ingesting purchase_prices.csv in db
2026-08-06 21:43:27,235 - INFO - Ingesting sales.csv in db
2026-08-07 06:36:50,805 - INFO - Ingesting begin_inventory.csv in db
2026-08-07 06:36:52,628 - INFO - Ingesting end_inventory.csv in db
2026-08-07 06:36:59,156 - INFO - Ingesting purchases.csv in db
2026-08-07 06:37:43,073 - INFO - Ingesting purchase_prices.csv in db
2026-08-07 06:38:03,302 - INFO - Ingesting sales.csv in db
2026-08-07 07:14:34,363 - INFO - Loading begin_inventory.csv
2026-08-07 07:16:53,447 - INFO - Loading begin_inventory.csv
2026-08-07 07:16:58,856 - INFO - begin_inventory.csv loaded successfully.
2026-08-07 07:16:58,856 - INFO - Loading end_inventory.csv
2026-08-07 07:17:05,970 - INFO - end_inventory.csv loaded successfully.
2026-08-07 07:17:05,970 - INFO - Loading purchases.csv
2026-08-07 07:17:55,865 - INFO - purchases.csv loaded successfully.
2026-08-07 07:17:55,865 - INFO - Loading purchase_prices.csv
2026-08-07 07:17:56,013 - INFO - purchase_prices.csv loaded successfully.
2026-08-07 07:17:56,014 - INFO - Loading sales.csv
2026-08-07 07:20:58,606 - INFO - sales.csv loaded successfully.
2026-08-07 07:20:58,607 - INFO - Loading vendor_invoice.csv
2026-08-07 07:20:58,736 - INFO - vendor_invoice.csv loaded successfully.
2026-08-07 07:20:58,736 - INFO - ------------ Ingestion Complete ------------
2026-08-07 07:20:58,736 - INFO - Total Time Taken: 4.09 minutes
2026-08-28 17:49:01,205 - INFO - Creating Vendor Summary Table.....
2026-08-28 17:49:31,226 - INFO -    VendorNumber                   VendorName  Brand              Description  \
0          1128  BROWN-FORMAN CORP             1233  Jack Daniels No 7 Black   
1          4425        MARTIGNETTI COMPANIES   3405    Tito's Handmade Vodka   
2         17035  PERNOD RICARD USA             8068         Absolut 80 Proof   
3          3960  DIAGEO NORTH AMERICA INC      4261   Capt Morgan Spiced Rum   
4          3960  DIAGEO NORTH AMERICA INC      3545          Ketel One Vodka   

   PurchasePrice  ActualPrice Volume  TotalPurchaseQuantity  \
0          26.27        36.99   1750                 145080   
1          23.19        28.99   1750                 164038   
2          18.24        24.99   1750                 187407   
3          16.17        22.99   1750                 201682   
4          21.89        29.99   1750                 138109   

   TotalPurchaseDollars  TotalSalesQuantity  TotalSalesDollars  \
0            3811251.60            142049.0         5101919.51   
1            3804041.22            160247.0         4819073.49   
2            3418303.68            187140.0         4538120.60   
3            3261197.94            200412.0         4475972.88   
4            3023206.01            135838.0         4223107.62   

   TotalSalesPrice  TotalExciseTax  FreightCost  
0        672819.31       260999.20     68601.68  
1        561512.37       294438.66    144929.24  
2        461140.15       343854.07    123780.22  
3        420050.01       368242.80    257032.07  
4        545778.28       249587.83    257032.07  
2026-08-28 17:49:31,251 - INFO - Cleaning Data.....
2026-08-28 17:52:54,031 - INFO - Creating Vendor Summary Table.....
2026-08-28 17:53:24,822 - INFO -    VendorNumber                   VendorName  Brand              Description  \
0          1128  BROWN-FORMAN CORP             1233  Jack Daniels No 7 Black   
1          4425        MARTIGNETTI COMPANIES   3405    Tito's Handmade Vodka   
2         17035  PERNOD RICARD USA             8068         Absolut 80 Proof   
3          3960  DIAGEO NORTH AMERICA INC      4261   Capt Morgan Spiced Rum   
4          3960  DIAGEO NORTH AMERICA INC      3545          Ketel One Vodka   

   PurchasePrice  ActualPrice Volume  TotalPurchaseQuantity  \
0          26.27        36.99   1750                 145080   
1          23.19        28.99   1750                 164038   
2          18.24        24.99   1750                 187407   
3          16.17        22.99   1750                 201682   
4          21.89        29.99   1750                 138109   

   TotalPurchaseDollars  TotalSalesQuantity  TotalSalesDollars  \
0            3811251.60            142049.0         5101919.51   
1            3804041.22            160247.0         4819073.49   
2            3418303.68            187140.0         4538120.60   
3            3261197.94            200412.0         4475972.88   
4            3023206.01            135838.0         4223107.62   

   TotalSalesPrice  TotalExciseTax  FreightCost  
0        672819.31       260999.20     68601.68  
1        561512.37       294438.66    144929.24  
2        461140.15       343854.07    123780.22  
3        420050.01       368242.80    257032.07  
4        545778.28       249587.83    257032.07  
2026-08-28 17:53:24,826 - INFO - Cleaning Data.....
2026-08-28 17:56:09,829 - INFO - Creating Vendor Summary Table.....
2026-08-28 17:56:40,291 - INFO -    VendorNumber                   VendorName  Brand              Description  \
0          1128  BROWN-FORMAN CORP             1233  Jack Daniels No 7 Black   
1          4425        MARTIGNETTI COMPANIES   3405    Tito's Handmade Vodka   
2         17035  PERNOD RICARD USA             8068         Absolut 80 Proof   
3          3960  DIAGEO NORTH AMERICA INC      4261   Capt Morgan Spiced Rum   
4          3960  DIAGEO NORTH AMERICA INC      3545          Ketel One Vodka   

   PurchasePrice  ActualPrice Volume  TotalPurchaseQuantity  \
0          26.27        36.99   1750                 145080   
1          23.19        28.99   1750                 164038   
2          18.24        24.99   1750                 187407   
3          16.17        22.99   1750                 201682   
4          21.89        29.99   1750                 138109   

   TotalPurchaseDollars  TotalSalesQuantity  TotalSalesDollars  \
0            3811251.60            142049.0         5101919.51   
1            3804041.22            160247.0         4819073.49   
2            3418303.68            187140.0         4538120.60   
3            3261197.94            200412.0         4475972.88   
4            3023206.01            135838.0         4223107.62   

   TotalSalesPrice  TotalExciseTax  FreightCost  
0        672819.31       260999.20     68601.68  
1        561512.37       294438.66    144929.24  
2        461140.15       343854.07    123780.22  
3        420050.01       368242.80    257032.07  
4        545778.28       249587.83    257032.07  
2026-08-28 17:56:40,303 - INFO - Cleaning Data.....
2026-08-28 17:59:13,201 - INFO - Creating Vendor Summary Table.....
2026-08-28 17:59:43,717 - INFO -    VendorNumber                   VendorName  Brand              Description  \
0          1128  BROWN-FORMAN CORP             1233  Jack Daniels No 7 Black   
1          4425        MARTIGNETTI COMPANIES   3405    Tito's Handmade Vodka   
2         17035  PERNOD RICARD USA             8068         Absolut 80 Proof   
3          3960  DIAGEO NORTH AMERICA INC      4261   Capt Morgan Spiced Rum   
4          3960  DIAGEO NORTH AMERICA INC      3545          Ketel One Vodka   

   PurchasePrice  ActualPrice Volume  TotalPurchaseQuantity  \
0          26.27        36.99   1750                 145080   
1          23.19        28.99   1750                 164038   
2          18.24        24.99   1750                 187407   
3          16.17        22.99   1750                 201682   
4          21.89        29.99   1750                 138109   

   TotalPurchaseDollars  TotalSalesQuantity  TotalSalesDollars  \
0            3811251.60            142049.0         5101919.51   
1            3804041.22            160247.0         4819073.49   
2            3418303.68            187140.0         4538120.60   
3            3261197.94            200412.0         4475972.88   
4            3023206.01            135838.0         4223107.62   

   TotalSalesPrice  TotalExciseTax  FreightCost  
0        672819.31       260999.20     68601.68  
1        561512.37       294438.66    144929.24  
2        461140.15       343854.07    123780.22  
3        420050.01       368242.80    257032.07  
4        545778.28       249587.83    257032.07  
2026-08-28 17:59:43,721 - INFO - Cleaning Data.....
2026-08-28 17:59:43,730 - INFO -    VendorNumber                VendorName  Brand              Description  \
0          1128         BROWN-FORMAN CORP   1233  Jack Daniels No 7 Black   
1          4425     MARTIGNETTI COMPANIES   3405    Tito's Handmade Vodka   
2         17035         PERNOD RICARD USA   8068         Absolut 80 Proof   
3          3960  DIAGEO NORTH AMERICA INC   4261   Capt Morgan Spiced Rum   
4          3960  DIAGEO NORTH AMERICA INC   3545          Ketel One Vodka   

   PurchasePrice  ActualPrice  Volume  TotalPurchaseQuantity  \
0          26.27        36.99  1750.0                 145080   
1          23.19        28.99  1750.0                 164038   
2          18.24        24.99  1750.0                 187407   
3          16.17        22.99  1750.0                 201682   
4          21.89        29.99  1750.0                 138109   

   TotalPurchaseDollars  TotalSalesQuantity  TotalSalesDollars  \
0            3811251.60            142049.0         5101919.51   
1            3804041.22            160247.0         4819073.49   
2            3418303.68            187140.0         4538120.60   
3            3261197.94            200412.0         4475972.88   
4            3023206.01            135838.0         4223107.62   

   TotalSalesPrice  TotalExciseTax  FreightCost  GrossProfit  ProfitMargin  \
0        672819.31       260999.20     68601.68   1290667.91     25.297693   
1        561512.37       294438.66    144929.24   1015032.27     21.062810   
2        461140.15       343854.07    123780.22   1119816.92     24.675786   
3        420050.01       368242.80    257032.07   1214774.94     27.139908   
4        545778.28       249587.83    257032.07   1199901.61     28.412764   

   StockTurnover  SalesToPurchaseRatio  
0       0.979108              1.338647  
1       0.976890              1.266830  
2       0.998575              1.327594  
3       0.993703              1.372493  
4       0.983556              1.396897  
2026-08-28 17:59:43,736 - INFO - Ingesting data.....
2026-08-28 17:59:43,871 - INFO - Completed
2026-08-28 18:00:01,029 - INFO - Creating Vendor Summary Table.....
2026-08-28 18:00:35,993 - INFO -    VendorNumber                   VendorName  Brand              Description  \
0          1128  BROWN-FORMAN CORP             1233  Jack Daniels No 7 Black   
1          4425        MARTIGNETTI COMPANIES   3405    Tito's Handmade Vodka   
2         17035  PERNOD RICARD USA             8068         Absolut 80 Proof   
3          3960  DIAGEO NORTH AMERICA INC      4261   Capt Morgan Spiced Rum   
4          3960  DIAGEO NORTH AMERICA INC      3545          Ketel One Vodka   

   PurchasePrice  ActualPrice Volume  TotalPurchaseQuantity  \
0          26.27        36.99   1750                 145080   
1          23.19        28.99   1750                 164038   
2          18.24        24.99   1750                 187407   
3          16.17        22.99   1750                 201682   
4          21.89        29.99   1750                 138109   

   TotalPurchaseDollars  TotalSalesQuantity  TotalSalesDollars  \
0            3811251.60            142049.0         5101919.51   
1            3804041.22            160247.0         4819073.49   
2            3418303.68            187140.0         4538120.60   
3            3261197.94            200412.0         4475972.88   
4            3023206.01            135838.0         4223107.62   

   TotalSalesPrice  TotalExciseTax  FreightCost  
0        672819.31       260999.20     68601.68  
1        561512.37       294438.66    144929.24  
2        461140.15       343854.07    123780.22  
3        420050.01       368242.80    257032.07  
4        545778.28       249587.83    257032.07  
2026-08-28 18:00:36,003 - INFO - Cleaning Data.....
2026-08-28 18:00:36,013 - INFO -    VendorNumber                VendorName  Brand              Description  \
0          1128         BROWN-FORMAN CORP   1233  Jack Daniels No 7 Black   
1          4425     MARTIGNETTI COMPANIES   3405    Tito's Handmade Vodka   
2         17035         PERNOD RICARD USA   8068         Absolut 80 Proof   
3          3960  DIAGEO NORTH AMERICA INC   4261   Capt Morgan Spiced Rum   
4          3960  DIAGEO NORTH AMERICA INC   3545          Ketel One Vodka   

   PurchasePrice  ActualPrice  Volume  TotalPurchaseQuantity  \
0          26.27        36.99  1750.0                 145080   
1          23.19        28.99  1750.0                 164038   
2          18.24        24.99  1750.0                 187407   
3          16.17        22.99  1750.0                 201682   
4          21.89        29.99  1750.0                 138109   

   TotalPurchaseDollars  TotalSalesQuantity  TotalSalesDollars  \
0            3811251.60            142049.0         5101919.51   
1            3804041.22            160247.0         4819073.49   
2            3418303.68            187140.0         4538120.60   
3            3261197.94            200412.0         4475972.88   
4            3023206.01            135838.0         4223107.62   

   TotalSalesPrice  TotalExciseTax  FreightCost  GrossProfit  ProfitMargin  \
0        672819.31       260999.20     68601.68   1290667.91     25.297693   
1        561512.37       294438.66    144929.24   1015032.27     21.062810   
2        461140.15       343854.07    123780.22   1119816.92     24.675786   
3        420050.01       368242.80    257032.07   1214774.94     27.139908   
4        545778.28       249587.83    257032.07   1199901.61     28.412764   

   StockTurnover  SalesToPurchaseRatio  
0       0.979108              1.338647  
1       0.976890              1.266830  
2       0.998575              1.327594  
3       0.993703              1.372493  
4       0.983556              1.396897  
2026-08-28 18:00:36,019 - INFO - Ingesting data.....
2026-08-28 18:00:36,109 - INFO - Completed
